2025-04-23 15:55:16.798 | INFO     | __main__:launch_browser:119 - Chrome launched with persistent profile – assuming already logged in.
2025-04-23 15:55:31.276 | WARNING  | __main__:download_current_page_pdf:203 - 'Entire Page' button not found – print dialog failed to load
2025-04-23 15:55:36.624 | WARNING  | __main__:download_current_page_pdf:230 - Download failed: Message: invalid session id: session deleted as the browser has closed the connection
from disconnected: not connected to DevTools
  (Session info: chrome=135.0.7049.114)
Stacktrace:
0   undetected_chromedriver             0x0000000104eee438 undetected_chromedriver + 6149176
1   undetected_chromedriver             0x0000000104ee5afa undetected_chromedriver + 6114042
2   undetected_chromedriver             0x0000000104976e80 undetected_chromedriver + 417408
3   undetected_chromedriver             0x000000010495ca3d undetected_chromedriver + 309821
4   undetected_chromedriver             0x0000000104985b2a undetected_chromedriver + 477994
5   undetected_chromedriver             0x00000001049f6f09 undetected_chromedriver + 941833
6   undetected_chromedriver             0x0000000104a1547c undetected_chromedriver + 1066108
7   undetected_chromedriver             0x00000001049ee563 undetected_chromedriver + 906595
8   undetected_chromedriver             0x00000001049ba955 undetected_chromedriver + 694613
9   undetected_chromedriver             0x00000001049bb5b1 undetected_chromedriver + 697777
10  undetected_chromedriver             0x0000000104eabef0 undetected_chromedriver + 5877488
11  undetected_chromedriver             0x0000000104eafde1 undetected_chromedriver + 5893601
12  undetected_chromedriver             0x0000000104e86334 undetected_chromedriver + 5722932
13  undetected_chromedriver             0x0000000104eb07fb undetected_chromedriver + 5896187
14  undetected_chromedriver             0x0000000104e74ab4 undetected_chromedriver + 5651124
15  undetected_chromedriver             0x0000000104ed3908 undetected_chromedriver + 6039816
16  undetected_chromedriver             0x0000000104ed3ad0 undetected_chromedriver + 6040272
17  undetected_chromedriver             0x0000000104ee56c1 undetected_chromedriver + 6112961
18  libsystem_pthread.dylib             0x00007ff809800df1 _pthread_start + 99
19  libsystem_pthread.dylib             0x00007ff8097fc857 thread_start + 15

