2025-04-22 15:46:10.551 | INFO     | __main__:login:119 - Logging in to Newspapers.com…
2025-04-22 15:46:30.704 | ERROR    | __main__:launch_browser:111 - Login failed: Message: 
Stacktrace:
0   undetected_chromedriver             0x00000001029f2448 undetected_chromedriver + 6149192
1   undetected_chromedriver             0x00000001029e9b0a undetected_chromedriver + 6114058
2   undetected_chromedriver             0x000000010247ae80 undetected_chromedriver + 417408
3   undetected_chromedriver             0x00000001024cc587 undetected_chromedriver + 750983
4   undetected_chromedriver             0x00000001024cc7a1 undetected_chromedriver + 751521
5   undetected_chromedriver             0x000000010251c784 undetected_chromedriver + 1079172
6   undetected_chromedriver             0x00000001024f27bd undetected_chromedriver + 907197
7   undetected_chromedriver             0x0000000102519aca undetected_chromedriver + 1067722
8   undetected_chromedriver             0x00000001024f2563 undetected_chromedriver + 906595
9   undetected_chromedriver             0x00000001024be955 undetected_chromedriver + 694613
10  undetected_chromedriver             0x00000001024bf5b1 undetected_chromedriver + 697777
11  undetected_chromedriver             0x00000001029aff00 undetected_chromedriver + 5877504
12  undetected_chromedriver             0x00000001029b3df1 undetected_chromedriver + 5893617
13  undetected_chromedriver             0x000000010298a344 undetected_chromedriver + 5722948
14  undetected_chromedriver             0x00000001029b480b undetected_chromedriver + 5896203
15  undetected_chromedriver             0x0000000102978ac4 undetected_chromedriver + 5651140
16  undetected_chromedriver             0x00000001029d7918 undetected_chromedriver + 6039832
17  undetected_chromedriver             0x00000001029d7ae0 undetected_chromedriver + 6040288
18  undetected_chromedriver             0x00000001029e96d1 undetected_chromedriver + 6112977
19  libsystem_pthread.dylib             0x00007ff8185f4df1 _pthread_start + 99
20  libsystem_pthread.dylib             0x00007ff8185f0857 thread_start + 15

