2025-04-23 16:05:33.330 | INFO     | __main__:launch_browser:109 - Chrome launched with persistent profile – assuming already logged in.
2025-04-23 16:06:27.766 | WARNING  | __main__:download_current_page_pdf:207 - 'Entire/Full Page' control not found – print dialog failed to load
2025-04-23 16:07:23.430 | WARNING  | __main__:download_current_page_pdf:207 - 'Entire/Full Page' control not found – print dialog failed to load
2025-04-23 16:07:46.721 | WARNING  | __main__:download_current_page_pdf:235 - Download failed: Message: no such window: target window already closed
from unknown error: web view not found
  (Session info: chrome=135.0.7049.114)
Stacktrace:
0   undetected_chromedriver             0x00000001028c6438 undetected_chromedriver + 6149176
1   undetected_chromedriver             0x00000001028bdafa undetected_chromedriver + 6114042
2   undetected_chromedriver             0x000000010234ee80 undetected_chromedriver + 417408
3   undetected_chromedriver             0x0000000102323505 undetected_chromedriver + 238853
4   undetected_chromedriver             0x00000001023ced5e undetected_chromedriver + 941406
5   undetected_chromedriver             0x00000001023ed47c undetected_chromedriver + 1066108
6   undetected_chromedriver             0x00000001023c6563 undetected_chromedriver + 906595
7   undetected_chromedriver             0x0000000102392955 undetected_chromedriver + 694613
8   undetected_chromedriver             0x00000001023935b1 undetected_chromedriver + 697777
9   undetected_chromedriver             0x0000000102883ef0 undetected_chromedriver + 5877488
10  undetected_chromedriver             0x0000000102887de1 undetected_chromedriver + 5893601
11  undetected_chromedriver             0x000000010285e334 undetected_chromedriver + 5722932
12  undetected_chromedriver             0x00000001028887fb undetected_chromedriver + 5896187
13  undetected_chromedriver             0x000000010284cab4 undetected_chromedriver + 5651124
14  undetected_chromedriver             0x00000001028ab908 undetected_chromedriver + 6039816
15  undetected_chromedriver             0x00000001028abad0 undetected_chromedriver + 6040272
16  undetected_chromedriver             0x00000001028bd6c1 undetected_chromedriver + 6112961
17  libsystem_pthread.dylib             0x00007ff809800df1 _pthread_start + 99
18  libsystem_pthread.dylib             0x00007ff8097fc857 thread_start + 15

