2025-04-22 15:57:59.708 | INFO     | __main__:login:119 - Logging in to Newspapers.com…
2025-04-22 15:58:19.839 | ERROR    | __main__:launch_browser:111 - Login failed: Message: 
Stacktrace:
0   undetected_chromedriver             0x0000000103405448 undetected_chromedriver + 6149192
1   undetected_chromedriver             0x00000001033fcb0a undetected_chromedriver + 6114058
2   undetected_chromedriver             0x0000000102e8de80 undetected_chromedriver + 417408
3   undetected_chromedriver             0x0000000102edf587 undetected_chromedriver + 750983
4   undetected_chromedriver             0x0000000102edf7a1 undetected_chromedriver + 751521
5   undetected_chromedriver             0x0000000102f2f784 undetected_chromedriver + 1079172
6   undetected_chromedriver             0x0000000102f057bd undetected_chromedriver + 907197
7   undetected_chromedriver             0x0000000102f2caca undetected_chromedriver + 1067722
8   undetected_chromedriver             0x0000000102f05563 undetected_chromedriver + 906595
9   undetected_chromedriver             0x0000000102ed1955 undetected_chromedriver + 694613
10  undetected_chromedriver             0x0000000102ed25b1 undetected_chromedriver + 697777
11  undetected_chromedriver             0x00000001033c2f00 undetected_chromedriver + 5877504
12  undetected_chromedriver             0x00000001033c6df1 undetected_chromedriver + 5893617
13  undetected_chromedriver             0x000000010339d344 undetected_chromedriver + 5722948
14  undetected_chromedriver             0x00000001033c780b undetected_chromedriver + 5896203
15  undetected_chromedriver             0x000000010338bac4 undetected_chromedriver + 5651140
16  undetected_chromedriver             0x00000001033ea918 undetected_chromedriver + 6039832
17  undetected_chromedriver             0x00000001033eaae0 undetected_chromedriver + 6040288
18  undetected_chromedriver             0x00000001033fc6d1 undetected_chromedriver + 6112977
19  libsystem_pthread.dylib             0x00007ff8192b4df1 _pthread_start + 99
20  libsystem_pthread.dylib             0x00007ff8192b0857 thread_start + 15

