2025-04-23 16:11:40.574 | INFO     | __main__:launch_browser:109 - Chrome launched with persistent profile – assuming already logged in.
2025-04-23 16:12:38.609 | WARNING  | __main__:download_current_page_pdf:238 - 'Entire/Full Page' control not found – print dialog failed to load
2025-04-23 16:13:38.818 | WARNING  | __main__:download_current_page_pdf:238 - 'Entire/Full Page' control not found – print dialog failed to load
2025-04-23 16:14:05.632 | WARNING  | __main__:download_current_page_pdf:266 - Download failed: Message: invalid session id: session deleted as the browser has closed the connection
from disconnected: not connected to DevTools
  (Session info: chrome=135.0.7049.114)
Stacktrace:
0   undetected_chromedriver             0x0000000101195438 undetected_chromedriver + 6149176
1   undetected_chromedriver             0x000000010118cafa undetected_chromedriver + 6114042
2   undetected_chromedriver             0x0000000100c1de80 undetected_chromedriver + 417408
3   undetected_chromedriver             0x0000000100c03a3d undetected_chromedriver + 309821
4   undetected_chromedriver             0x0000000100c2cb2a undetected_chromedriver + 477994
5   undetected_chromedriver             0x0000000100c9df09 undetected_chromedriver + 941833
6   undetected_chromedriver             0x0000000100cbc47c undetected_chromedriver + 1066108
7   undetected_chromedriver             0x0000000100c95563 undetected_chromedriver + 906595
8   undetected_chromedriver             0x0000000100c61955 undetected_chromedriver + 694613
9   undetected_chromedriver             0x0000000100c625b1 undetected_chromedriver + 697777
10  undetected_chromedriver             0x0000000101152ef0 undetected_chromedriver + 5877488
11  undetected_chromedriver             0x0000000101156de1 undetected_chromedriver + 5893601
12  undetected_chromedriver             0x000000010112d334 undetected_chromedriver + 5722932
13  undetected_chromedriver             0x00000001011577fb undetected_chromedriver + 5896187
14  undetected_chromedriver             0x000000010111bab4 undetected_chromedriver + 5651124
15  undetected_chromedriver             0x000000010117a908 undetected_chromedriver + 6039816
16  undetected_chromedriver             0x000000010117aad0 undetected_chromedriver + 6040272
17  undetected_chromedriver             0x000000010118c6c1 undetected_chromedriver + 6112961
18  libsystem_pthread.dylib             0x00007ff809800df1 _pthread_start + 99
19  libsystem_pthread.dylib             0x00007ff8097fc857 thread_start + 15

2025-04-23 16:14:05.646 | WARNING  | __main__:scrape_and_ocr:383 - Chrome session lost – relaunching...
2025-04-23 16:14:11.576 | INFO     | __main__:launch_browser:109 - Chrome launched with persistent profile – assuming already logged in.
