2025-04-22 15:52:41.096 | INFO     | __main__:login:119 - Logging in to Newspapers.com…
2025-04-22 15:53:01.185 | ERROR    | __main__:launch_browser:111 - Login failed: Message: 
Stacktrace:
0   undetected_chromedriver             0x0000000104b08448 undetected_chromedriver + 6149192
1   undetected_chromedriver             0x0000000104affb0a undetected_chromedriver + 6114058
2   undetected_chromedriver             0x0000000104590e80 undetected_chromedriver + 417408
3   undetected_chromedriver             0x00000001045e2587 undetected_chromedriver + 750983
4   undetected_chromedriver             0x00000001045e27a1 undetected_chromedriver + 751521
5   undetected_chromedriver             0x0000000104632784 undetected_chromedriver + 1079172
6   undetected_chromedriver             0x00000001046087bd undetected_chromedriver + 907197
7   undetected_chromedriver             0x000000010462faca undetected_chromedriver + 1067722
8   undetected_chromedriver             0x0000000104608563 undetected_chromedriver + 906595
9   undetected_chromedriver             0x00000001045d4955 undetected_chromedriver + 694613
10  undetected_chromedriver             0x00000001045d55b1 undetected_chromedriver + 697777
11  undetected_chromedriver             0x0000000104ac5f00 undetected_chromedriver + 5877504
12  undetected_chromedriver             0x0000000104ac9df1 undetected_chromedriver + 5893617
13  undetected_chromedriver             0x0000000104aa0344 undetected_chromedriver + 5722948
14  undetected_chromedriver             0x0000000104aca80b undetected_chromedriver + 5896203
15  undetected_chromedriver             0x0000000104a8eac4 undetected_chromedriver + 5651140
16  undetected_chromedriver             0x0000000104aed918 undetected_chromedriver + 6039832
17  undetected_chromedriver             0x0000000104aedae0 undetected_chromedriver + 6040288
18  undetected_chromedriver             0x0000000104aff6d1 undetected_chromedriver + 6112977
19  libsystem_pthread.dylib             0x00007ff8185f4df1 _pthread_start + 99
20  libsystem_pthread.dylib             0x00007ff8185f0857 thread_start + 15

