2025-04-23 16:08:46.982 | INFO     | __main__:launch_browser:109 - Chrome launched with persistent profile – assuming already logged in.
2025-04-23 16:08:53.129 | INFO     | __main__:download_current_page_pdf:178 - Downloaded Fergus_Falls_Ugeblad_1902_09_04_2.pdf (fast‑path)
2025-04-23 16:08:53.148 | ERROR    | __main__:extract_paragraph_from_pdf:123 - pdf2image failed on /Volumes/Save/@master/src/data/raw_pdf/Fergus_Falls_Ugeblad_1902_09_04_2.pdf: Unable to get page count. Is poppler installed and in PATH?
2025-04-23 16:08:53.148 | WARNING  | __main__:scrape_and_ocr:340 - Empty OCR for Fergus_Falls_Ugeblad_1902_09_04_2.pdf
2025-04-23 16:09:51.945 | WARNING  | __main__:download_current_page_pdf:222 - 'Entire/Full Page' control not found – print dialog failed to load
2025-04-23 16:10:28.600 | WARNING  | __main__:download_current_page_pdf:250 - Download failed: Message: invalid session id: session deleted as the browser has closed the connection
from disconnected: not connected to DevTools
  (Session info: chrome=135.0.7049.114)
Stacktrace:
0   undetected_chromedriver             0x000000010491d438 undetected_chromedriver + 6149176
1   undetected_chromedriver             0x0000000104914afa undetected_chromedriver + 6114042
2   undetected_chromedriver             0x00000001043a5e80 undetected_chromedriver + 417408
3   undetected_chromedriver             0x000000010438ba3d undetected_chromedriver + 309821
4   undetected_chromedriver             0x00000001043b4b2a undetected_chromedriver + 477994
5   undetected_chromedriver             0x0000000104425f09 undetected_chromedriver + 941833
6   undetected_chromedriver             0x000000010444447c undetected_chromedriver + 1066108
7   undetected_chromedriver             0x000000010441d563 undetected_chromedriver + 906595
8   undetected_chromedriver             0x00000001043e9955 undetected_chromedriver + 694613
9   undetected_chromedriver             0x00000001043ea5b1 undetected_chromedriver + 697777
10  undetected_chromedriver             0x00000001048daef0 undetected_chromedriver + 5877488
11  undetected_chromedriver             0x00000001048dede1 undetected_chromedriver + 5893601
12  undetected_chromedriver             0x00000001048b5334 undetected_chromedriver + 5722932
13  undetected_chromedriver             0x00000001048df7fb undetected_chromedriver + 5896187
14  undetected_chromedriver             0x00000001048a3ab4 undetected_chromedriver + 5651124
15  undetected_chromedriver             0x0000000104902908 undetected_chromedriver + 6039816
16  undetected_chromedriver             0x0000000104902ad0 undetected_chromedriver + 6040272
17  undetected_chromedriver             0x00000001049146c1 undetected_chromedriver + 6112961
18  libsystem_pthread.dylib             0x00007ff809800df1 _pthread_start + 99
19  libsystem_pthread.dylib             0x00007ff8097fc857 thread_start + 15

2025-04-23 16:10:28.613 | WARNING  | __main__:scrape_and_ocr:367 - Chrome session lost – relaunching...
2025-04-23 16:10:31.631 | INFO     | __main__:launch_browser:109 - Chrome launched with persistent profile – assuming already logged in.
2025-04-23 16:10:37.720 | WARNING  | __main__:scrape_and_ocr:367 - Chrome session lost – relaunching...
2025-04-23 16:10:41.033 | INFO     | __main__:launch_browser:109 - Chrome launched with persistent profile – assuming already logged in.
2025-04-23 16:10:43.349 | WARNING  | __main__:scrape_and_ocr:367 - Chrome session lost – relaunching...
2025-04-23 16:10:46.723 | INFO     | __main__:launch_browser:109 - Chrome launched with persistent profile – assuming already logged in.
